// Jest Snapshot v1, https://goo.gl/fbAQLP

exports[`IntroScreen Should match the snapshot 1`] = `
ShallowWrapper {
  Symbol(enzyme.__root__): [Circular],
  Symbol(enzyme.__unrendered__): <IntroScreen
    crawl="A long time ago"
    title="Return of the Sithe"
    year="1992"
  />,
  Symbol(enzyme.__renderer__): Object {
    "batchedUpdates": [Function],
    "getNode": [Function],
    "render": [Function],
    "simulateError": [Function],
    "simulateEvent": [Function],
    "unmount": [Function],
  },
  Symbol(enzyme.__node__): Object {
    "instance": null,
    "key": undefined,
    "nodeType": "host",
    "props": Object {
      "children": Array [
        <div
          className="title-container"
        >
          <h1
            className="sw-logo"
          >
            swapi
          </h1>
          <h1
            className="sw-logo-film"
          >
            Return of the Sithe
          </h1>
          <h1
            className="sw-logo"
          >
            box
          </h1>
        </div>,
        <div
          className="intro-screen"
          id="board"
        >
          <div
            id="content"
          >
            <p
              className="crawl-head"
              id="subtitle"
            >
              Return of the Sithe
            </p>
            <p
              className="crawl-head"
              id="title"
            >
              1992
            </p>
            <div
              className="crawl-text"
            >
              A long time ago
            </div>
          </div>
        </div>,
        <button
          className="intro-arrow"
        >
          <img
            alt=""
            className="rebellion-button"
            src="rebel-yellow.svg"
          />
        </button>,
      ],
      "className": "intro-container",
    },
    "ref": null,
    "rendered": Array [
      Object {
        "instance": null,
        "key": undefined,
        "nodeType": "host",
        "props": Object {
          "children": Array [
            <h1
              className="sw-logo"
            >
              swapi
            </h1>,
            <h1
              className="sw-logo-film"
            >
              Return of the Sithe
            </h1>,
            <h1
              className="sw-logo"
            >
              box
            </h1>,
          ],
          "className": "title-container",
        },
        "ref": null,
        "rendered": Array [
          Object {
            "instance": null,
            "key": undefined,
            "nodeType": "host",
            "props": Object {
              "children": "swapi",
              "className": "sw-logo",
            },
            "ref": null,
            "rendered": "swapi",
            "type": "h1",
          },
          Object {
            "instance": null,
            "key": undefined,
            "nodeType": "host",
            "props": Object {
              "children": "Return of the Sithe",
              "className": "sw-logo-film",
            },
            "ref": null,
            "rendered": "Return of the Sithe",
            "type": "h1",
          },
          Object {
            "instance": null,
            "key": undefined,
            "nodeType": "host",
            "props": Object {
              "children": "box",
              "className": "sw-logo",
            },
            "ref": null,
            "rendered": "box",
            "type": "h1",
          },
        ],
        "type": "div",
      },
      Object {
        "instance": null,
        "key": undefined,
        "nodeType": "host",
        "props": Object {
          "children": <div
            id="content"
          >
            <p
              className="crawl-head"
              id="subtitle"
            >
              Return of the Sithe
            </p>
            <p
              className="crawl-head"
              id="title"
            >
              1992
            </p>
            <div
              className="crawl-text"
            >
              A long time ago
            </div>
          </div>,
          "className": "intro-screen",
          "id": "board",
        },
        "ref": null,
        "rendered": Object {
          "instance": null,
          "key": undefined,
          "nodeType": "host",
          "props": Object {
            "children": Array [
              <p
                className="crawl-head"
                id="subtitle"
              >
                Return of the Sithe
              </p>,
              <p
                className="crawl-head"
                id="title"
              >
                1992
              </p>,
              <div
                className="crawl-text"
              >
                A long time ago
              </div>,
            ],
            "id": "content",
          },
          "ref": null,
          "rendered": Array [
            Object {
              "instance": null,
              "key": undefined,
              "nodeType": "host",
              "props": Object {
                "children": "Return of the Sithe",
                "className": "crawl-head",
                "id": "subtitle",
              },
              "ref": null,
              "rendered": "Return of the Sithe",
              "type": "p",
            },
            Object {
              "instance": null,
              "key": undefined,
              "nodeType": "host",
              "props": Object {
                "children": "1992",
                "className": "crawl-head",
                "id": "title",
              },
              "ref": null,
              "rendered": "1992",
              "type": "p",
            },
            Object {
              "instance": null,
              "key": undefined,
              "nodeType": "host",
              "props": Object {
                "children": "A long time ago",
                "className": "crawl-text",
              },
              "ref": null,
              "rendered": "A long time ago",
              "type": "div",
            },
          ],
          "type": "div",
        },
        "type": "div",
      },
      Object {
        "instance": null,
        "key": undefined,
        "nodeType": "host",
        "props": Object {
          "children": <img
            alt=""
            className="rebellion-button"
            src="rebel-yellow.svg"
          />,
          "className": "intro-arrow",
        },
        "ref": null,
        "rendered": Object {
          "instance": null,
          "key": undefined,
          "nodeType": "host",
          "props": Object {
            "alt": "",
            "className": "rebellion-button",
            "src": "rebel-yellow.svg",
          },
          "ref": null,
          "rendered": null,
          "type": "img",
        },
        "type": "button",
      },
    ],
    "type": "div",
  },
  Symbol(enzyme.__nodes__): Array [
    Object {
      "instance": null,
      "key": undefined,
      "nodeType": "host",
      "props": Object {
        "children": Array [
          <div
            className="title-container"
          >
            <h1
              className="sw-logo"
            >
              swapi
            </h1>
            <h1
              className="sw-logo-film"
            >
              Return of the Sithe
            </h1>
            <h1
              className="sw-logo"
            >
              box
            </h1>
          </div>,
          <div
            className="intro-screen"
            id="board"
          >
            <div
              id="content"
            >
              <p
                className="crawl-head"
                id="subtitle"
              >
                Return of the Sithe
              </p>
              <p
                className="crawl-head"
                id="title"
              >
                1992
              </p>
              <div
                className="crawl-text"
              >
                A long time ago
              </div>
            </div>
          </div>,
          <button
            className="intro-arrow"
          >
            <img
              alt=""
              className="rebellion-button"
              src="rebel-yellow.svg"
            />
          </button>,
        ],
        "className": "intro-container",
      },
      "ref": null,
      "rendered": Array [
        Object {
          "instance": null,
          "key": undefined,
          "nodeType": "host",
          "props": Object {
            "children": Array [
              <h1
                className="sw-logo"
              >
                swapi
              </h1>,
              <h1
                className="sw-logo-film"
              >
                Return of the Sithe
              </h1>,
              <h1
                className="sw-logo"
              >
                box
              </h1>,
            ],
            "className": "title-container",
          },
          "ref": null,
          "rendered": Array [
            Object {
              "instance": null,
              "key": undefined,
              "nodeType": "host",
              "props": Object {
                "children": "swapi",
                "className": "sw-logo",
              },
              "ref": null,
              "rendered": "swapi",
              "type": "h1",
            },
            Object {
              "instance": null,
              "key": undefined,
              "nodeType": "host",
              "props": Object {
                "children": "Return of the Sithe",
                "className": "sw-logo-film",
              },
              "ref": null,
              "rendered": "Return of the Sithe",
              "type": "h1",
            },
            Object {
              "instance": null,
              "key": undefined,
              "nodeType": "host",
              "props": Object {
                "children": "box",
                "className": "sw-logo",
              },
              "ref": null,
              "rendered": "box",
              "type": "h1",
            },
          ],
          "type": "div",
        },
        Object {
          "instance": null,
          "key": undefined,
          "nodeType": "host",
          "props": Object {
            "children": <div
              id="content"
            >
              <p
                className="crawl-head"
                id="subtitle"
              >
                Return of the Sithe
              </p>
              <p
                className="crawl-head"
                id="title"
              >
                1992
              </p>
              <div
                className="crawl-text"
              >
                A long time ago
              </div>
            </div>,
            "className": "intro-screen",
            "id": "board",
          },
          "ref": null,
          "rendered": Object {
            "instance": null,
            "key": undefined,
            "nodeType": "host",
            "props": Object {
              "children": Array [
                <p
                  className="crawl-head"
                  id="subtitle"
                >
                  Return of the Sithe
                </p>,
                <p
                  className="crawl-head"
                  id="title"
                >
                  1992
                </p>,
                <div
                  className="crawl-text"
                >
                  A long time ago
                </div>,
              ],
              "id": "content",
            },
            "ref": null,
            "rendered": Array [
              Object {
                "instance": null,
                "key": undefined,
                "nodeType": "host",
                "props": Object {
                  "children": "Return of the Sithe",
                  "className": "crawl-head",
                  "id": "subtitle",
                },
                "ref": null,
                "rendered": "Return of the Sithe",
                "type": "p",
              },
              Object {
                "instance": null,
                "key": undefined,
                "nodeType": "host",
                "props": Object {
                  "children": "1992",
                  "className": "crawl-head",
                  "id": "title",
                },
                "ref": null,
                "rendered": "1992",
                "type": "p",
              },
              Object {
                "instance": null,
                "key": undefined,
                "nodeType": "host",
                "props": Object {
                  "children": "A long time ago",
                  "className": "crawl-text",
                },
                "ref": null,
                "rendered": "A long time ago",
                "type": "div",
              },
            ],
            "type": "div",
          },
          "type": "div",
        },
        Object {
          "instance": null,
          "key": undefined,
          "nodeType": "host",
          "props": Object {
            "children": <img
              alt=""
              className="rebellion-button"
              src="rebel-yellow.svg"
            />,
            "className": "intro-arrow",
          },
          "ref": null,
          "rendered": Object {
            "instance": null,
            "key": undefined,
            "nodeType": "host",
            "props": Object {
              "alt": "",
              "className": "rebellion-button",
              "src": "rebel-yellow.svg",
            },
            "ref": null,
            "rendered": null,
            "type": "img",
          },
          "type": "button",
        },
      ],
      "type": "div",
    },
  ],
  Symbol(enzyme.__options__): Object {
    "adapter": ReactSixteenAdapter {
      "options": Object {
        "enableComponentDidUpdateOnSetState": true,
        "lifecycles": Object {
          "componentDidUpdate": Object {
            "onSetState": true,
          },
          "getDerivedStateFromProps": true,
          "getSnapshotBeforeUpdate": true,
          "setState": Object {
            "skipsComponentDidUpdateOnNullish": true,
          },
        },
      },
    },
  },
}
`;
